-MacBook-Pro:WebFund catherinebose$ mkdir GitHubRepoAssignment
catherines-MacBook-Pro:WebFund catherinebose$ cd GitHubRepoAssignment/
catherines-MacBook-Pro:GitHubRepoAssignment catherinebose$ git init
Initialized empty Git repository in /Users/catherinebose/Desktop/CodingDojo/WebFund/GitHubRepoAssignment/.git/
catherines-MacBook-Pro:GitHubRepoAssignment catherinebose$ touch readme.md
catherines-MacBook-Pro:GitHubRepoAssignment catherinebose$ vim readme.md
catherines-MacBook-Pro:GitHubRepoAssignment catherinebose$ git status
On branch master

Initial commit

Untracked files:
  (use "git add <file>..." to include in what will be committed)

	readme.md

nothing added to commit but untracked files present (use "git add" to track)
catherines-MacBook-Pro:GitHubRepoAssignment catherinebose$ git add readme.md
catherines-MacBook-Pro:GitHubRepoAssignment catherinebose$ git status
On branch master

Initial commit

Changes to be committed:
  (use "git rm --cached <file>..." to unstage)

	new file:   readme.md

catherines-MacBook-Pro:GitHubRepoAssignment catherinebose$ git commit -m "readme.md commited for the 1st time"
[master (root-commit) 4200c15] readme.md commited for the 1st time
 Committer: catherine Bose <catherinebose@catherines-MacBook-Pro.local>
Your name and email address were configured automatically based
on your username and hostname. Please check that they are accurate.
You can suppress this message by setting them explicitly. Run the
following command and follow the instructions in your editor to edit
your configuration file:

    git config --global --edit

After doing this, you may fix the identity used for this commit with:

    git commit --amend --reset-author

 1 file changed, 7 insertions(+)
 create mode 100644 readme.md
catherines-MacBook-Pro:GitHubRepoAssignment catherinebose$ touch GitHubRepoAssignment.txt
